
===========================================================================
 report_power
============================================================================
======================= Fastest Corner ===================================

Group                  Internal  Switching    Leakage      Total
                          Power      Power      Power      Power (Watts)
----------------------------------------------------------------
Sequential             1.90e-05   0.00e+00   2.11e-08   1.90e-05  21.0%
Combinational          3.46e-15   9.76e-15   1.36e-10   1.36e-10   0.0%
Clock                  5.87e-05   1.29e-05   3.39e-10   7.16e-05  79.0%
Macro                  0.00e+00   0.00e+00   0.00e+00   0.00e+00   0.0%
Pad                    0.00e+00   0.00e+00   0.00e+00   0.00e+00   0.0%
----------------------------------------------------------------
Total                  7.77e-05   1.29e-05   2.15e-08   9.06e-05 100.0%
                          85.8%      14.2%       0.0%

======================= Slowest Corner ===================================

Group                  Internal  Switching    Leakage      Total
                          Power      Power      Power      Power (Watts)
----------------------------------------------------------------
Sequential             1.27e-05   0.00e+00   8.50e-08   1.28e-05  20.3%
Combinational          2.39e-15   6.43e-15   1.75e-07   1.75e-07   0.3%
Clock                  4.15e-05   8.47e-06   5.72e-08   5.00e-05  79.4%
Macro                  0.00e+00   0.00e+00   0.00e+00   0.00e+00   0.0%
Pad                    0.00e+00   0.00e+00   0.00e+00   0.00e+00   0.0%
----------------------------------------------------------------
Total                  5.42e-05   8.47e-06   3.17e-07   6.30e-05 100.0%
                          86.0%      13.4%       0.5%

======================= Typical Corner ===================================

Group                  Internal  Switching    Leakage      Total
                          Power      Power      Power      Power (Watts)
----------------------------------------------------------------
Sequential             1.63e-05   0.00e+00   2.10e-08   1.63e-05  20.9%
Combinational          2.93e-15   8.32e-15   1.05e-10   1.05e-10   0.0%
Clock                  5.10e-05   1.08e-05   1.84e-10   6.19e-05  79.1%
Macro                  0.00e+00   0.00e+00   0.00e+00   0.00e+00   0.0%
Pad                    0.00e+00   0.00e+00   0.00e+00   0.00e+00   0.0%
----------------------------------------------------------------
Total                  6.74e-05   1.08e-05   2.13e-08   7.82e-05 100.0%
                          86.1%      13.8%       0.0%

