
===========================================================================
 report_power
============================================================================
======================= Fastest Corner ===================================

Group                  Internal  Switching    Leakage      Total
                          Power      Power      Power      Power (Watts)
----------------------------------------------------------------
Sequential             1.90e-05   0.00e+00   2.11e-08   1.90e-05  20.7%
Combinational          3.48e-15   1.06e-14   1.36e-10   1.36e-10   0.0%
Clock                  5.88e-05   1.38e-05   3.39e-10   7.26e-05  79.3%
Macro                  0.00e+00   0.00e+00   0.00e+00   0.00e+00   0.0%
Pad                    0.00e+00   0.00e+00   0.00e+00   0.00e+00   0.0%
----------------------------------------------------------------
Total                  7.78e-05   1.38e-05   2.15e-08   9.16e-05 100.0%
                          84.9%      15.1%       0.0%

======================= Slowest Corner ===================================

Group                  Internal  Switching    Leakage      Total
                          Power      Power      Power      Power (Watts)
----------------------------------------------------------------
Sequential             1.27e-05   0.00e+00   8.50e-08   1.28e-05  20.1%
Combinational          2.39e-15   7.00e-15   1.75e-07   1.75e-07   0.3%
Clock                  4.15e-05   9.11e-06   5.72e-08   5.07e-05  79.6%
Macro                  0.00e+00   0.00e+00   0.00e+00   0.00e+00   0.0%
Pad                    0.00e+00   0.00e+00   0.00e+00   0.00e+00   0.0%
----------------------------------------------------------------
Total                  5.43e-05   9.11e-06   3.17e-07   6.37e-05 100.0%
                          85.2%      14.3%       0.5%

======================= Typical Corner ===================================

Group                  Internal  Switching    Leakage      Total
                          Power      Power      Power      Power (Watts)
----------------------------------------------------------------
Sequential             1.63e-05   0.00e+00   2.10e-08   1.63e-05  20.6%
Combinational          2.93e-15   9.04e-15   1.05e-10   1.05e-10   0.0%
Clock                  5.11e-05   1.16e-05   1.84e-10   6.27e-05  79.4%
Macro                  0.00e+00   0.00e+00   0.00e+00   0.00e+00   0.0%
Pad                    0.00e+00   0.00e+00   0.00e+00   0.00e+00   0.0%
----------------------------------------------------------------
Total                  6.74e-05   1.16e-05   2.13e-08   7.91e-05 100.0%
                          85.3%      14.7%       0.0%

