
===========================================================================
 report_power
============================================================================
======================= Fastest Corner ===================================

Group                  Internal  Switching    Leakage      Total
                          Power      Power      Power      Power (Watts)
----------------------------------------------------------------
Sequential             0.00e+00   0.00e+00   0.00e+00   0.00e+00   0.0%
Combinational          5.20e-05   1.39e-04   1.84e-09   1.91e-04 100.0%
Clock                 -1.67e-10   0.00e+00   7.92e-10   6.25e-10   0.0%
Macro                  0.00e+00   0.00e+00   0.00e+00   0.00e+00   0.0%
Pad                    0.00e+00   0.00e+00   0.00e+00   0.00e+00   0.0%
----------------------------------------------------------------
Total                  5.20e-05   1.39e-04   2.64e-09   1.91e-04 100.0%
                          27.3%      72.7%       0.0%

======================= Slowest Corner ===================================

Group                  Internal  Switching    Leakage      Total
                          Power      Power      Power      Power (Watts)
----------------------------------------------------------------
Sequential             0.00e+00   0.00e+00   0.00e+00   0.00e+00   0.0%
Combinational          3.80e-05   9.28e-05   1.01e-06   1.32e-04 100.0%
Clock                 -6.83e-11   0.00e+00   7.97e-10   7.29e-10   0.0%
Macro                  0.00e+00   0.00e+00   0.00e+00   0.00e+00   0.0%
Pad                    0.00e+00   0.00e+00   0.00e+00   0.00e+00   0.0%
----------------------------------------------------------------
Total                  3.80e-05   9.28e-05   1.01e-06   1.32e-04 100.0%
                          28.8%      70.4%       0.8%

======================= Typical Corner ===================================

Group                  Internal  Switching    Leakage      Total
                          Power      Power      Power      Power (Watts)
----------------------------------------------------------------
Sequential             0.00e+00   0.00e+00   0.00e+00   0.00e+00   0.0%
Combinational          4.74e-05   1.18e-04   7.93e-10   1.65e-04 100.0%
Clock                  2.89e-11   0.00e+00   7.92e-10   8.21e-10   0.0%
Macro                  0.00e+00   0.00e+00   0.00e+00   0.00e+00   0.0%
Pad                    0.00e+00   0.00e+00   0.00e+00   0.00e+00   0.0%
----------------------------------------------------------------
Total                  4.74e-05   1.18e-04   1.59e-09   1.65e-04 100.0%
                          28.7%      71.3%       0.0%

